--- Testing Transcript Robustness ---

Testing: Short video (AI) (https://www.youtube.com/watch?v=MFnn2zj3byA)
[Transcript] Trying youtube-transcript library...
node.exe : [Transcript] Library method 
failed: Library failed: Empty transcript 
returned
At line:1 char:1
+ & "C:\Program Files\nodejs/node.exe" 
"C:\Program Files\nodejs/node_mo ...
+ ~~~~~~~~~~~~~~~~~~~~~~~~~~~~~~~~~~~~~~~~
~~~~~~~~~~~~~~~~~~~~~~~~~~~~~
    + CategoryInfo          : NotSpe    
cified: ([Transcript] Li...scrip    t 
returned:String) [], RemoteExc    eption
    + FullyQualifiedErrorId : Native    
CommandError
 
[Transcript] Trying ANDROID...
[Transcript] ANDROID: 1 tracks found
[Transcript] Γ£ô ANDROID: 7398 chars
Γ£à Success in 1356ms
Length: 7398 chars
Snippet: hi and Welcome to our Channel in this video we wil...

Testing: Very long video (zoo) (https://www.youtube.com/watch?v=jNQXAC9IVRw)
[Transcript] Trying youtube-transcript library...
[Transcript] Library method failed: 
Library failed: Empty transcript returned
[Transcript] Trying ANDROID...
[Transcript] ANDROID: 2 tracks found
[Transcript] Γ£ô ANDROID: 217 chars
Γ£à Success in 1034ms
Length: 217 chars
Snippet: All right, so here we are, in front of the elephan...

Testing: Shortened URL (https://youtu.be/kC5LoGga220)
[Transcript] Trying youtube-transcript library...
[Transcript] Library method failed: 
Library failed: [YoutubeTranscript] ≡ƒÜ¿ 
Transcript is disabled on this video 
(kC5LoGga220)
[Transcript] Trying ANDROID...
[Transcript] Γ£ù ANDROID: ERROR: This 
video is unavailable
[Transcript] Trying TV_EMBEDDED...
[Transcript] Γ£ù TV_EMBEDDED: ERROR: 
YouTube is no longer supported in this 
application or device.
[Transcript] Trying IOS...
[Transcript] Γ£ù IOS: ERROR: This video 
is unavailable
[Transcript] Innertube methods failed: 
Innertube failed: ANDROID: ERROR: This 
video is unavailable | TV_EMBEDDED: 
ERROR: YouTube is no long...
[Transcript] Trying Piped fallback (16 instances parallel)...
[Transcript] Piped all failed: 
https://pipedapi.kavin.rocks: HTTP 403 | 
https://api.piped.privacy.com.de: fetch 
failed | https://piped-api.lunar.icu: 
HTTP 502 | https://pipedapi.drgns.space: 
The operation was aborted due to timeout 
| https://api.piped.yt: fetch failed | 
https://piped-api.garudalinux.org: fetch 
failed | https://pa.il.ax: HTTP 400 | 
https://p.odyssey346.dev: Unexpected 
token '<', "<!DOCTYPE "... is not valid 
JSON | 
https://api.piped.projectsegfau.lt: 
Unexpected token 'P', "Piped has 
shutdown" is not valid JSON | 
https://pipedapi.system41.xyz: fetch 
failed | https://api.piped.zing.studio: 
fetch failed | https://piped.video: 
Unexpected token '<', "<!DOCTYPE "... is 
not valid JSON | 
https://piped.tokhmi.xyz: Unexpected 
token '<', "<!-- 96080"... is not valid 
JSON | https://piped.moomoo.me: fetch 
failed | https://piped.syncpundit.io: 
Unexpected token '<', "<!DOCTYPE "... is 
not valid JSON | https://piped.mha.fi: 
Unexpected token '<', "<!DOCTYPE "... is 
not valid JSON
[Transcript] Piped method failed: Piped 
failed: https://pipedapi.kavin.rocks: 
HTTP 403 | 
https://api.piped.privacy.com.de: fetch 
faile...
[Transcript] Trying Invidious fallback (14 instances parallel)...
[Transcript] Invidious all failed: 
https://inv.tux.pizza: The operation was 
aborted due to timeout | 
https://invidious.flokinet.to: The 
operation was aborted due to timeout | 
https://invidious.projectsegfau.lt: 
Unexpected token 'I', "Invidious "... is 
not valid JSON | https://vid.puffyan.us: 
HTTP 502 | https://yewtu.be: HTTP 403 | 
https://yt.artemislena.eu: fetch failed | 
https://invidious.privacydev.net: fetch 
failed | https://iv.ggtyler.dev: 
Unexpected token '<', "<!DOCTYPE "... is 
not valid JSON | 
https://invidious.lunar.icu: HTTP 502 | 
https://inv.nadeko.net: fetch failed | 
https://invidious.protokolla.fi: 
Unexpected token '<', "
<!DOCTYPE "... is not valid JSON | 
https://invidious.drgns.space: fetch 
failed | https://invidious.jing.rocks: 
fetch failed | 
https://invidious.nerdvpn.de: The 
operation was aborted due to timeout
[Transcript] Invidious method failed: 
Invidious failed: https://inv.tux.pizza: 
The operation was aborted due to timeout 
| https://invidiou...
[Transcript] Trying watch page scrape...
[Transcript] Watch page method failed: No 
captions in watch page
[Transcript] Trying Legacy API...
[Transcript] Legacy method failed: Legacy 
API failed: Invalid XML response
Transcript Fetch Failure Logs: [
  "Library: Library failed: 
[YoutubeTranscript] ≡ƒÜ¿ Transcript is 
disabled on this video (kC5LoGga220)",
  "Innertube: Innertube failed: ANDROID: 
ERROR: This video is unavailable | 
TV_EMBEDDED: ERROR: YouTube is no 
long...",
  "Piped: Piped failed: 
https://pipedapi.kavin.rocks: HTTP 403 | 
https://api.piped.privacy.com.de: fetch 
faile...",
  "Invidious: Invidious failed: 
https://inv.tux.pizza: The operation was 
aborted due to timeout | 
https://invidiou...",
  "WatchPage: No captions in watch page",
  "LegacyAPI: Legacy API failed: Invalid 
XML response"
]
Γ¥î Failed: Failed to fetch transcript. 
Debug: [Library: Library failed: 
[YoutubeTranscript] ≡ƒÜ¿ Transcript is 
disabled on this video (kC5LoGga220) | 
Innertube: Innertube failed: ANDROID: 
ERROR: This video is unavailable | 
TV_EMBEDDED: ERROR: YouTube is no long... 
| Piped: Piped failed: 
https://pipedapi.kavin.rocks: HTTP 403 | 
https://api.piped.pr...]
