.next/types/validator.ts(134,39): error TS2306: File 'C:/Users/Avinash P/.gemini/antigravity/scratch/dashboard-app/src/app/api/reset-password/route.ts' is not a module.
